<?xml version="1.0"?>
<opencv_storage>
<modelSerial>1234646343</modelSerial>
<Iteration0>
  <LargeSquareEvenBlocks>
    <TP>5.</TP>
    <FP>7.</FP>
    <TN>9.</TN>
    <FN>11.</FN>
    <PPV>4.1666666666666669e-01</PPV>
    <TPR>3.1250000000000000e-01</TPR></LargeSquareEvenBlocks>
  <UnevenLinearBricks>
    <TP>9.</TP>
    <FP>11.</FP>
    <TN>5.</TN>
    <FN>7.</FN>
    <PPV>4.5000000000000001e-01</PPV>
    <TPR>5.6250000000000000e-01</TPR></UnevenLinearBricks></Iteration0>
</opencv_storage>
